Analysis & Elaboration report for DADDA
Fri Dec  4 18:22:10 2020
Quartus Prime Version 20.1.0 Build 711 06/05/2020 SJ Lite Edition


---------------------
; Table of Contents ;
---------------------
  1. Legal Notice
  2. Analysis & Elaboration Summary
  3. Parallel Compilation
  4. Analysis & Elaboration Settings
  5. Analysis & Elaboration Messages



----------------
; Legal Notice ;
----------------
Copyright (C) 2020  Intel Corporation. All rights reserved.
Your use of Intel Corporation's design tools, logic functions 
and other software and tools, and any partner logic 
functions, and any output files from any of the foregoing 
(including device programming or simulation files), and any 
associated documentation or information are expressly subject 
to the terms and conditions of the Intel Program License 
Subscription Agreement, the Intel Quartus Prime License Agreement,
the Intel FPGA IP License Agreement, or other applicable license
agreement, including, without limitation, that your use is for
the sole purpose of programming logic devices manufactured by
Intel and sold by Intel or its authorized distributors.  Please
refer to the applicable agreement for further details, at
https://fpgasoftware.intel.com/eula.



+----------------------------------------------------------------------------------+
; Analysis & Elaboration Summary                                                   ;
+------------------------------------+---------------------------------------------+
; Analysis & Elaboration Status      ; Failed - Fri Dec  4 18:22:10 2020           ;
; Quartus Prime Version              ; 20.1.0 Build 711 06/05/2020 SJ Lite Edition ;
; Revision Name                      ; DADDA                                       ;
; Top-level Entity Name              ; DADDA                                       ;
; Family                             ; Cyclone IV E                                ;
; Total logic elements               ; N/A until Partition Merge                   ;
;     Total combinational functions  ; N/A until Partition Merge                   ;
;     Dedicated logic registers      ; N/A until Partition Merge                   ;
; Total registers                    ; N/A until Partition Merge                   ;
; Total pins                         ; N/A until Partition Merge                   ;
; Total virtual pins                 ; N/A until Partition Merge                   ;
; Total memory bits                  ; N/A until Partition Merge                   ;
; Embedded Multiplier 9-bit elements ; N/A until Partition Merge                   ;
; Total PLLs                         ; N/A until Partition Merge                   ;
+------------------------------------+---------------------------------------------+


+------------------------------------------+
; Parallel Compilation                     ;
+----------------------------+-------------+
; Processors                 ; Number      ;
+----------------------------+-------------+
; Number detected on machine ; 4           ;
; Maximum allowed            ; 2           ;
;                            ;             ;
; Average used               ; 1.00        ;
; Maximum used               ; 1           ;
;                            ;             ;
; Usage by Processor         ; % Time Used ;
;     Processor 1            ; 100.0%      ;
+----------------------------+-------------+


+------------------------------------------------------------------------------------------------------------+
; Analysis & Elaboration Settings                                                                            ;
+------------------------------------------------------------------+--------------------+--------------------+
; Option                                                           ; Setting            ; Default Value      ;
+------------------------------------------------------------------+--------------------+--------------------+
; Top-level entity name                                            ; DADDA              ; DADDA              ;
; Family name                                                      ; Cyclone IV E       ; Cyclone V          ;
; Use smart compilation                                            ; Off                ; Off                ;
; Enable parallel Assembler and Timing Analyzer during compilation ; On                 ; On                 ;
; Enable compact report table                                      ; Off                ; Off                ;
; Restructure Multiplexers                                         ; Auto               ; Auto               ;
; Create Debugging Nodes for IP Cores                              ; Off                ; Off                ;
; Preserve fewer node names                                        ; On                 ; On                 ;
; Intel FPGA IP Evaluation Mode                                    ; Enable             ; Enable             ;
; Verilog Version                                                  ; Verilog_2001       ; Verilog_2001       ;
; VHDL Version                                                     ; VHDL_1993          ; VHDL_1993          ;
; State Machine Processing                                         ; Auto               ; Auto               ;
; Safe State Machine                                               ; Off                ; Off                ;
; Extract Verilog State Machines                                   ; On                 ; On                 ;
; Extract VHDL State Machines                                      ; On                 ; On                 ;
; Ignore Verilog initial constructs                                ; Off                ; Off                ;
; Iteration limit for constant Verilog loops                       ; 5000               ; 5000               ;
; Iteration limit for non-constant Verilog loops                   ; 250                ; 250                ;
; Add Pass-Through Logic to Inferred RAMs                          ; On                 ; On                 ;
; Infer RAMs from Raw Logic                                        ; On                 ; On                 ;
; Parallel Synthesis                                               ; On                 ; On                 ;
; DSP Block Balancing                                              ; Auto               ; Auto               ;
; NOT Gate Push-Back                                               ; On                 ; On                 ;
; Power-Up Don't Care                                              ; On                 ; On                 ;
; Remove Redundant Logic Cells                                     ; Off                ; Off                ;
; Remove Duplicate Registers                                       ; On                 ; On                 ;
; Ignore CARRY Buffers                                             ; Off                ; Off                ;
; Ignore CASCADE Buffers                                           ; Off                ; Off                ;
; Ignore GLOBAL Buffers                                            ; Off                ; Off                ;
; Ignore ROW GLOBAL Buffers                                        ; Off                ; Off                ;
; Ignore LCELL Buffers                                             ; Off                ; Off                ;
; Ignore SOFT Buffers                                              ; On                 ; On                 ;
; Limit AHDL Integers to 32 Bits                                   ; Off                ; Off                ;
; Optimization Technique                                           ; Balanced           ; Balanced           ;
; Carry Chain Length                                               ; 70                 ; 70                 ;
; Auto Carry Chains                                                ; On                 ; On                 ;
; Auto Open-Drain Pins                                             ; On                 ; On                 ;
; Perform WYSIWYG Primitive Resynthesis                            ; Off                ; Off                ;
; Auto ROM Replacement                                             ; On                 ; On                 ;
; Auto RAM Replacement                                             ; On                 ; On                 ;
; Auto DSP Block Replacement                                       ; On                 ; On                 ;
; Auto Shift Register Replacement                                  ; Auto               ; Auto               ;
; Allow Shift Register Merging across Hierarchies                  ; Auto               ; Auto               ;
; Auto Clock Enable Replacement                                    ; On                 ; On                 ;
; Strict RAM Replacement                                           ; Off                ; Off                ;
; Allow Synchronous Control Signals                                ; On                 ; On                 ;
; Force Use of Synchronous Clear Signals                           ; Off                ; Off                ;
; Auto RAM Block Balancing                                         ; On                 ; On                 ;
; Auto RAM to Logic Cell Conversion                                ; Off                ; Off                ;
; Auto Resource Sharing                                            ; Off                ; Off                ;
; Allow Any RAM Size For Recognition                               ; Off                ; Off                ;
; Allow Any ROM Size For Recognition                               ; Off                ; Off                ;
; Allow Any Shift Register Size For Recognition                    ; Off                ; Off                ;
; Use LogicLock Constraints during Resource Balancing              ; On                 ; On                 ;
; Ignore translate_off and synthesis_off directives                ; Off                ; Off                ;
; Timing-Driven Synthesis                                          ; On                 ; On                 ;
; Report Parameter Settings                                        ; On                 ; On                 ;
; Report Source Assignments                                        ; On                 ; On                 ;
; Report Connectivity Checks                                       ; On                 ; On                 ;
; Ignore Maximum Fan-Out Assignments                               ; Off                ; Off                ;
; Synchronization Register Chain Length                            ; 2                  ; 2                  ;
; Power Optimization During Synthesis                              ; Normal compilation ; Normal compilation ;
; HDL message level                                                ; Level2             ; Level2             ;
; Suppress Register Optimization Related Messages                  ; Off                ; Off                ;
; Number of Removed Registers Reported in Synthesis Report         ; 5000               ; 5000               ;
; Number of Swept Nodes Reported in Synthesis Report               ; 5000               ; 5000               ;
; Number of Inverted Registers Reported in Synthesis Report        ; 100                ; 100                ;
; Clock MUX Protection                                             ; On                 ; On                 ;
; Auto Gated Clock Conversion                                      ; Off                ; Off                ;
; Block Design Naming                                              ; Auto               ; Auto               ;
; SDC constraint protection                                        ; Off                ; Off                ;
; Synthesis Effort                                                 ; Auto               ; Auto               ;
; Shift Register Replacement - Allow Asynchronous Clear Signal     ; On                 ; On                 ;
; Pre-Mapping Resynthesis Optimization                             ; Off                ; Off                ;
; Analysis & Synthesis Message Level                               ; Medium             ; Medium             ;
; Disable Register Merging Across Hierarchies                      ; Auto               ; Auto               ;
; Resource Aware Inference For Block RAM                           ; On                 ; On                 ;
+------------------------------------------------------------------+--------------------+--------------------+


+---------------------------------+
; Analysis & Elaboration Messages ;
+---------------------------------+
Info: *******************************************************************
Info: Running Quartus Prime Analysis & Elaboration
    Info: Version 20.1.0 Build 711 06/05/2020 SJ Lite Edition
    Info: Processing started: Fri Dec  4 18:22:00 2020
Info: Command: quartus_map --read_settings_files=on --write_settings_files=off DADDA -c DADDA --analysis_and_elaboration
Warning (18236): Number of processors has not been specified which may cause overloading on shared machines.  Set the global assignment NUM_PARALLEL_PROCESSORS in your QSF to an appropriate value for best performance.
Info (20030): Parallel compilation is enabled and will use 2 of the 2 processors detected
Info (12021): Found 2 design units, including 1 entities, in source file /home/luigi/Data/PoliTo/Magistrale/II anno/Integrated system architecture/Laboratori-ISA/Lab2/src/MBEmpy/HA.vhd
    Info (12022): Found design unit 1: HA-struct File: /home/luigi/Data/PoliTo/Magistrale/II anno/Integrated system architecture/Laboratori-ISA/Lab2/src/MBEmpy/HA.vhd Line: 12
    Info (12023): Found entity 1: HA File: /home/luigi/Data/PoliTo/Magistrale/II anno/Integrated system architecture/Laboratori-ISA/Lab2/src/MBEmpy/HA.vhd Line: 5
Info (12021): Found 2 design units, including 1 entities, in source file /home/luigi/Data/PoliTo/Magistrale/II anno/Integrated system architecture/Laboratori-ISA/Lab2/DaddaHDLGenerator/DADDA.vhd
    Info (12022): Found design unit 1: DADDA-structural File: /home/luigi/Data/PoliTo/Magistrale/II anno/Integrated system architecture/Laboratori-ISA/Lab2/DaddaHDLGenerator/DADDA.vhd Line: 32
    Info (12023): Found entity 1: DADDA File: /home/luigi/Data/PoliTo/Magistrale/II anno/Integrated system architecture/Laboratori-ISA/Lab2/DaddaHDLGenerator/DADDA.vhd Line: 7
Info (12021): Found 1 design units, including 0 entities, in source file /home/luigi/Data/PoliTo/Magistrale/II anno/Integrated system architecture/Laboratori-ISA/Lab2/src/MBEmpy/ieee_proposed/array_std.vhd
    Info (12022): Found design unit 1: array_std File: /home/luigi/Data/PoliTo/Magistrale/II anno/Integrated system architecture/Laboratori-ISA/Lab2/src/MBEmpy/ieee_proposed/array_std.vhd Line: 7
Info (12021): Found 2 design units, including 1 entities, in source file /home/luigi/Data/PoliTo/Magistrale/II anno/Integrated system architecture/Laboratori-ISA/Lab2/src/MBEmpy/FA.vhd
    Info (12022): Found design unit 1: FA-structural File: /home/luigi/Data/PoliTo/Magistrale/II anno/Integrated system architecture/Laboratori-ISA/Lab2/src/MBEmpy/FA.vhd Line: 12
    Info (12023): Found entity 1: FA File: /home/luigi/Data/PoliTo/Magistrale/II anno/Integrated system architecture/Laboratori-ISA/Lab2/src/MBEmpy/FA.vhd Line: 5
Info (12021): Found 2 design units, including 1 entities, in source file /home/luigi/Data/PoliTo/Magistrale/II anno/Integrated system architecture/Laboratori-ISA/Lab2/src/MBEmpy/CSA.vhd
    Info (12022): Found design unit 1: CSA-structural File: /home/luigi/Data/PoliTo/Magistrale/II anno/Integrated system architecture/Laboratori-ISA/Lab2/src/MBEmpy/CSA.vhd Line: 17
    Info (12023): Found entity 1: CSA File: /home/luigi/Data/PoliTo/Magistrale/II anno/Integrated system architecture/Laboratori-ISA/Lab2/src/MBEmpy/CSA.vhd Line: 6
Info (12127): Elaborating entity "DADDA" for the top level hierarchy
Warning (10541): VHDL Signal Declaration warning at DADDA.vhd(28): used implicit default value for signal "SUM" because signal was never assigned a value or an explicit default value. Use of implicit default value may introduce unintended design optimizations. File: /home/luigi/Data/PoliTo/Magistrale/II anno/Integrated system architecture/Laboratori-ISA/Lab2/DaddaHDLGenerator/DADDA.vhd Line: 28
Warning (10036): Verilog HDL or VHDL warning at DADDA.vhd(63): object "internal_0_12" assigned a value but never read File: /home/luigi/Data/PoliTo/Magistrale/II anno/Integrated system architecture/Laboratori-ISA/Lab2/DaddaHDLGenerator/DADDA.vhd Line: 63
Warning (10036): Verilog HDL or VHDL warning at DADDA.vhd(64): object "internal_0_13" assigned a value but never read File: /home/luigi/Data/PoliTo/Magistrale/II anno/Integrated system architecture/Laboratori-ISA/Lab2/DaddaHDLGenerator/DADDA.vhd Line: 64
Warning (10036): Verilog HDL or VHDL warning at DADDA.vhd(65): object "internal_0_14" assigned a value but never read File: /home/luigi/Data/PoliTo/Magistrale/II anno/Integrated system architecture/Laboratori-ISA/Lab2/DaddaHDLGenerator/DADDA.vhd Line: 65
Warning (10036): Verilog HDL or VHDL warning at DADDA.vhd(66): object "internal_0_15" assigned a value but never read File: /home/luigi/Data/PoliTo/Magistrale/II anno/Integrated system architecture/Laboratori-ISA/Lab2/DaddaHDLGenerator/DADDA.vhd Line: 66
Warning (10036): Verilog HDL or VHDL warning at DADDA.vhd(67): object "internal_0_16" assigned a value but never read File: /home/luigi/Data/PoliTo/Magistrale/II anno/Integrated system architecture/Laboratori-ISA/Lab2/DaddaHDLGenerator/DADDA.vhd Line: 67
Warning (10036): Verilog HDL or VHDL warning at DADDA.vhd(104): object "internal_6_1" assigned a value but never read File: /home/luigi/Data/PoliTo/Magistrale/II anno/Integrated system architecture/Laboratori-ISA/Lab2/DaddaHDLGenerator/DADDA.vhd Line: 104
Warning (10873): Using initial value X (don't care) for net "internal_1_0[46..41]" at DADDA.vhd(68) File: /home/luigi/Data/PoliTo/Magistrale/II anno/Integrated system architecture/Laboratori-ISA/Lab2/DaddaHDLGenerator/DADDA.vhd Line: 68
Warning (10873): Using initial value X (don't care) for net "internal_1_0[21..16]" at DADDA.vhd(68) File: /home/luigi/Data/PoliTo/Magistrale/II anno/Integrated system architecture/Laboratori-ISA/Lab2/DaddaHDLGenerator/DADDA.vhd Line: 68
Warning (10873): Using initial value X (don't care) for net "internal_1_1[46..40]" at DADDA.vhd(69) File: /home/luigi/Data/PoliTo/Magistrale/II anno/Integrated system architecture/Laboratori-ISA/Lab2/DaddaHDLGenerator/DADDA.vhd Line: 69
Warning (10873): Using initial value X (don't care) for net "internal_1_1[20..16]" at DADDA.vhd(69) File: /home/luigi/Data/PoliTo/Magistrale/II anno/Integrated system architecture/Laboratori-ISA/Lab2/DaddaHDLGenerator/DADDA.vhd Line: 69
Warning (10873): Using initial value X (don't care) for net "internal_1_2[46..37]" at DADDA.vhd(70) File: /home/luigi/Data/PoliTo/Magistrale/II anno/Integrated system architecture/Laboratori-ISA/Lab2/DaddaHDLGenerator/DADDA.vhd Line: 70
Warning (10873): Using initial value X (don't care) for net "internal_1_2[23..16]" at DADDA.vhd(70) File: /home/luigi/Data/PoliTo/Magistrale/II anno/Integrated system architecture/Laboratori-ISA/Lab2/DaddaHDLGenerator/DADDA.vhd Line: 70
Warning (10873): Using initial value X (don't care) for net "internal_1_3[44..35]" at DADDA.vhd(71) File: /home/luigi/Data/PoliTo/Magistrale/II anno/Integrated system architecture/Laboratori-ISA/Lab2/DaddaHDLGenerator/DADDA.vhd Line: 71
Warning (10873): Using initial value X (don't care) for net "internal_1_3[25..18]" at DADDA.vhd(71) File: /home/luigi/Data/PoliTo/Magistrale/II anno/Integrated system architecture/Laboratori-ISA/Lab2/DaddaHDLGenerator/DADDA.vhd Line: 71
Warning (10873): Using initial value X (don't care) for net "internal_1_4[44..33]" at DADDA.vhd(72) File: /home/luigi/Data/PoliTo/Magistrale/II anno/Integrated system architecture/Laboratori-ISA/Lab2/DaddaHDLGenerator/DADDA.vhd Line: 72
Warning (10873): Using initial value X (don't care) for net "internal_1_4[27..18]" at DADDA.vhd(72) File: /home/luigi/Data/PoliTo/Magistrale/II anno/Integrated system architecture/Laboratori-ISA/Lab2/DaddaHDLGenerator/DADDA.vhd Line: 72
Warning (10873): Using initial value X (don't care) for net "internal_1_5[44..18]" at DADDA.vhd(73) File: /home/luigi/Data/PoliTo/Magistrale/II anno/Integrated system architecture/Laboratori-ISA/Lab2/DaddaHDLGenerator/DADDA.vhd Line: 73
Warning (10873): Using initial value X (don't care) for net "internal_1_6[42..20]" at DADDA.vhd(74) File: /home/luigi/Data/PoliTo/Magistrale/II anno/Integrated system architecture/Laboratori-ISA/Lab2/DaddaHDLGenerator/DADDA.vhd Line: 74
Warning (10873): Using initial value X (don't care) for net "internal_1_7[42..20]" at DADDA.vhd(75) File: /home/luigi/Data/PoliTo/Magistrale/II anno/Integrated system architecture/Laboratori-ISA/Lab2/DaddaHDLGenerator/DADDA.vhd Line: 75
Warning (10873): Using initial value X (don't care) for net "internal_1_8[42..20]" at DADDA.vhd(76) File: /home/luigi/Data/PoliTo/Magistrale/II anno/Integrated system architecture/Laboratori-ISA/Lab2/DaddaHDLGenerator/DADDA.vhd Line: 76
Warning (10873): Using initial value X (don't care) for net "internal_1_9[40..23]" at DADDA.vhd(77) File: /home/luigi/Data/PoliTo/Magistrale/II anno/Integrated system architecture/Laboratori-ISA/Lab2/DaddaHDLGenerator/DADDA.vhd Line: 77
Warning (10873): Using initial value X (don't care) for net "internal_1_10[40..23]" at DADDA.vhd(78) File: /home/luigi/Data/PoliTo/Magistrale/II anno/Integrated system architecture/Laboratori-ISA/Lab2/DaddaHDLGenerator/DADDA.vhd Line: 78
Warning (10873): Using initial value X (don't care) for net "internal_1_11[40..23]" at DADDA.vhd(79) File: /home/luigi/Data/PoliTo/Magistrale/II anno/Integrated system architecture/Laboratori-ISA/Lab2/DaddaHDLGenerator/DADDA.vhd Line: 79
Warning (10873): Using initial value X (don't care) for net "internal_2_0[52..49]" at DADDA.vhd(81) File: /home/luigi/Data/PoliTo/Magistrale/II anno/Integrated system architecture/Laboratori-ISA/Lab2/DaddaHDLGenerator/DADDA.vhd Line: 81
Warning (10873): Using initial value X (don't care) for net "internal_2_0[13..10]" at DADDA.vhd(81) File: /home/luigi/Data/PoliTo/Magistrale/II anno/Integrated system architecture/Laboratori-ISA/Lab2/DaddaHDLGenerator/DADDA.vhd Line: 81
Warning (10873): Using initial value X (don't care) for net "internal_2_1[52..48]" at DADDA.vhd(82) File: /home/luigi/Data/PoliTo/Magistrale/II anno/Integrated system architecture/Laboratori-ISA/Lab2/DaddaHDLGenerator/DADDA.vhd Line: 82
Warning (10873): Using initial value X (don't care) for net "internal_2_1[12..10]" at DADDA.vhd(82) File: /home/luigi/Data/PoliTo/Magistrale/II anno/Integrated system architecture/Laboratori-ISA/Lab2/DaddaHDLGenerator/DADDA.vhd Line: 82
Warning (10873): Using initial value X (don't care) for net "internal_2_2[52..45]" at DADDA.vhd(83) File: /home/luigi/Data/PoliTo/Magistrale/II anno/Integrated system architecture/Laboratori-ISA/Lab2/DaddaHDLGenerator/DADDA.vhd Line: 83
Warning (10873): Using initial value X (don't care) for net "internal_2_2[15..10]" at DADDA.vhd(83) File: /home/luigi/Data/PoliTo/Magistrale/II anno/Integrated system architecture/Laboratori-ISA/Lab2/DaddaHDLGenerator/DADDA.vhd Line: 83
Warning (10873): Using initial value X (don't care) for net "internal_2_3[50..43]" at DADDA.vhd(84) File: /home/luigi/Data/PoliTo/Magistrale/II anno/Integrated system architecture/Laboratori-ISA/Lab2/DaddaHDLGenerator/DADDA.vhd Line: 84
Warning (10873): Using initial value X (don't care) for net "internal_2_3[17..12]" at DADDA.vhd(84) File: /home/luigi/Data/PoliTo/Magistrale/II anno/Integrated system architecture/Laboratori-ISA/Lab2/DaddaHDLGenerator/DADDA.vhd Line: 84
Warning (10873): Using initial value X (don't care) for net "internal_2_4[50..41]" at DADDA.vhd(85) File: /home/luigi/Data/PoliTo/Magistrale/II anno/Integrated system architecture/Laboratori-ISA/Lab2/DaddaHDLGenerator/DADDA.vhd Line: 85
Warning (10873): Using initial value X (don't care) for net "internal_2_4[20..12]" at DADDA.vhd(85) File: /home/luigi/Data/PoliTo/Magistrale/II anno/Integrated system architecture/Laboratori-ISA/Lab2/DaddaHDLGenerator/DADDA.vhd Line: 85
Warning (10873): Using initial value X (don't care) for net "internal_2_5[50..12]" at DADDA.vhd(86) File: /home/luigi/Data/PoliTo/Magistrale/II anno/Integrated system architecture/Laboratori-ISA/Lab2/DaddaHDLGenerator/DADDA.vhd Line: 86
Warning (10873): Using initial value X (don't care) for net "internal_2_6[48..15]" at DADDA.vhd(87) File: /home/luigi/Data/PoliTo/Magistrale/II anno/Integrated system architecture/Laboratori-ISA/Lab2/DaddaHDLGenerator/DADDA.vhd Line: 87
Warning (10873): Using initial value X (don't care) for net "internal_2_7[48..15]" at DADDA.vhd(88) File: /home/luigi/Data/PoliTo/Magistrale/II anno/Integrated system architecture/Laboratori-ISA/Lab2/DaddaHDLGenerator/DADDA.vhd Line: 88
Warning (10873): Using initial value X (don't care) for net "internal_2_8[48..15]" at DADDA.vhd(89) File: /home/luigi/Data/PoliTo/Magistrale/II anno/Integrated system architecture/Laboratori-ISA/Lab2/DaddaHDLGenerator/DADDA.vhd Line: 89
Warning (10873): Using initial value X (don't care) for net "internal_3_0[56..55]" at DADDA.vhd(90) File: /home/luigi/Data/PoliTo/Magistrale/II anno/Integrated system architecture/Laboratori-ISA/Lab2/DaddaHDLGenerator/DADDA.vhd Line: 90
Warning (10873): Using initial value X (don't care) for net "internal_3_0[7..6]" at DADDA.vhd(90) File: /home/luigi/Data/PoliTo/Magistrale/II anno/Integrated system architecture/Laboratori-ISA/Lab2/DaddaHDLGenerator/DADDA.vhd Line: 90
Warning (10873): Using initial value X (don't care) for net "internal_3_1[56..54]" at DADDA.vhd(91) File: /home/luigi/Data/PoliTo/Magistrale/II anno/Integrated system architecture/Laboratori-ISA/Lab2/DaddaHDLGenerator/DADDA.vhd Line: 91
Warning (10873): Using initial value X (don't care) for net "internal_3_1[6]" at DADDA.vhd(91) File: /home/luigi/Data/PoliTo/Magistrale/II anno/Integrated system architecture/Laboratori-ISA/Lab2/DaddaHDLGenerator/DADDA.vhd Line: 91
Warning (10873): Using initial value X (don't care) for net "internal_3_2[56..51]" at DADDA.vhd(92) File: /home/luigi/Data/PoliTo/Magistrale/II anno/Integrated system architecture/Laboratori-ISA/Lab2/DaddaHDLGenerator/DADDA.vhd Line: 92
Warning (10873): Using initial value X (don't care) for net "internal_3_2[9..6]" at DADDA.vhd(92) File: /home/luigi/Data/PoliTo/Magistrale/II anno/Integrated system architecture/Laboratori-ISA/Lab2/DaddaHDLGenerator/DADDA.vhd Line: 92
Warning (10873): Using initial value X (don't care) for net "internal_3_3[54..49]" at DADDA.vhd(93) File: /home/luigi/Data/PoliTo/Magistrale/II anno/Integrated system architecture/Laboratori-ISA/Lab2/DaddaHDLGenerator/DADDA.vhd Line: 93
Warning (10873): Using initial value X (don't care) for net "internal_3_3[12..9]" at DADDA.vhd(93) File: /home/luigi/Data/PoliTo/Magistrale/II anno/Integrated system architecture/Laboratori-ISA/Lab2/DaddaHDLGenerator/DADDA.vhd Line: 93
Warning (10873): Using initial value X (don't care) for net "internal_3_4[54..9]" at DADDA.vhd(94) File: /home/luigi/Data/PoliTo/Magistrale/II anno/Integrated system architecture/Laboratori-ISA/Lab2/DaddaHDLGenerator/DADDA.vhd Line: 94
Warning (10873): Using initial value X (don't care) for net "internal_3_5[54..9]" at DADDA.vhd(95) File: /home/luigi/Data/PoliTo/Magistrale/II anno/Integrated system architecture/Laboratori-ISA/Lab2/DaddaHDLGenerator/DADDA.vhd Line: 95
Warning (10873): Using initial value X (don't care) for net "internal_4_1[58]" at DADDA.vhd(97) File: /home/luigi/Data/PoliTo/Magistrale/II anno/Integrated system architecture/Laboratori-ISA/Lab2/DaddaHDLGenerator/DADDA.vhd Line: 97
Warning (10873): Using initial value X (don't care) for net "internal_4_2[58..55]" at DADDA.vhd(98) File: /home/luigi/Data/PoliTo/Magistrale/II anno/Integrated system architecture/Laboratori-ISA/Lab2/DaddaHDLGenerator/DADDA.vhd Line: 98
Warning (10873): Using initial value X (don't care) for net "internal_4_2[6..5]" at DADDA.vhd(98) File: /home/luigi/Data/PoliTo/Magistrale/II anno/Integrated system architecture/Laboratori-ISA/Lab2/DaddaHDLGenerator/DADDA.vhd Line: 98
Warning (10873): Using initial value X (don't care) for net "internal_5_1[60]" at DADDA.vhd(101) File: /home/luigi/Data/PoliTo/Magistrale/II anno/Integrated system architecture/Laboratori-ISA/Lab2/DaddaHDLGenerator/DADDA.vhd Line: 101
Warning (10873): Using initial value X (don't care) for net "internal_5_2[60..3]" at DADDA.vhd(102) File: /home/luigi/Data/PoliTo/Magistrale/II anno/Integrated system architecture/Laboratori-ISA/Lab2/DaddaHDLGenerator/DADDA.vhd Line: 102
Error (10028): Can't resolve multiple constant drivers for net "internal_0_0[40]" at DADDA.vhd(131) File: /home/luigi/Data/PoliTo/Magistrale/II anno/Integrated system architecture/Laboratori-ISA/Lab2/DaddaHDLGenerator/DADDA.vhd Line: 131
Error (10029): Constant driver at DADDA.vhd(111) File: /home/luigi/Data/PoliTo/Magistrale/II anno/Integrated system architecture/Laboratori-ISA/Lab2/DaddaHDLGenerator/DADDA.vhd Line: 111
Error (10028): Can't resolve multiple constant drivers for net "internal_0_0[39]" at DADDA.vhd(131) File: /home/luigi/Data/PoliTo/Magistrale/II anno/Integrated system architecture/Laboratori-ISA/Lab2/DaddaHDLGenerator/DADDA.vhd Line: 131
Error (12153): Can't elaborate top-level user hierarchy
Error: Quartus Prime Analysis & Elaboration was unsuccessful. 4 errors, 54 warnings
    Error: Peak virtual memory: 748 megabytes
    Error: Processing ended: Fri Dec  4 18:22:10 2020
    Error: Elapsed time: 00:00:10
    Error: Total CPU time (on all processors): 00:00:24


